RAM Allocation [bytes]
Variable                                                                          Address   Size
------------------------------------------------------------------------------------------------
delay_pow1                                                                        0x0160       1
delay_pow2                                                                        0x0161       1
delay_pow3                                                                        0x0162       1
pow1                                                                              0x0163       1
pow2                                                                              0x0164       1
pow3                                                                              0x0165       1
temp1                                                                             0x0166       2
temp2                                                                             0x0168       2
temp3                                                                             0x016A       2
temp4                                                                             0x016C       2
res1                                                                              0x016E       1
res2                                                                              0x016F       1
res3                                                                              0x0170       1
res4                                                                              0x0171       1
error_cnt                                                                         0x0172       2
mode_temp                                                                         0x0174       2
pidData1                                                                          0x0176      18

EEPROM Allocation [bytes]
Variable                                                                          Address   Size
------------------------------------------------------------------------------------------------

Register Allocation
Variable                                                                          Register  Size
------------------------------------------------------------------------------------------------
pid_frag                                                                          R2.0      1bit

FLASH Allocation [words]
Function                                                                          Address   Size
------------------------------------------------------------------------------------------------
pid_Init                                                                          0x0005B     55
pid_Controller                                                                    0x00092    160
Init_pid                                                                          0x00132     14
w1_find                                                                           0x00140     34
w1_send                                                                           0x00162     39
w1_readbyte                                                                       0x00189     67
send_start_measurement                                                            0x001CC      3
ds1820_init                                                                       0x001CF     10
read_temp                                                                         0x001D9     58
check_mode                                                                        0x00213     19
timer0_ovf_isr                                                                    0x00226     95
timer1_ovf_isr                                                                    0x00285     45
set_power_ten1                                                                    0x002B2     12
set_power_ten2                                                                    0x002BE     12
set_power_ten3                                                                    0x002CA     13
timer2_ovf_isr                                                                    0x002D7      5
main                                                                              0x002DC    184
putchar                                                                           0x00394      7
put_usart_G100                                                                    0x0039B     11
_print_G100                                                                       0x003A6    272
printf                                                                            0x004B6     30
strlen                                                                            0x004D4     11
strlenf                                                                           0x004DF     12
