RAM Allocation [bytes]
Variable                                                                          Address   Size
------------------------------------------------------------------------------------------------
delay_pow1                                                                        0x0300       1
delay_pow2                                                                        0x0301       1
delay_pow3                                                                        0x0302       1
pow1                                                                              0x0303       1
pow2                                                                              0x0304       1
pow3                                                                              0x0305       1
temp1                                                                             0x0306       2
temp2                                                                             0x0308       2
temp3                                                                             0x030A       2
temp4                                                                             0x030C       2

EEPROM Allocation [bytes]
Variable                                                                          Address   Size
------------------------------------------------------------------------------------------------

Register Allocation
Variable                                                                          Register  Size
------------------------------------------------------------------------------------------------

FLASH Allocation [words]
Function                                                                          Address   Size
------------------------------------------------------------------------------------------------
w1_find                                                                           0x00075     49
w1_send                                                                           0x000A6     44
w1_readbyte                                                                       0x000D2     66
send_start_measurement                                                            0x00114     10
ds1820_init                                                                       0x0011E     11
read_temp                                                                         0x00129    101
pin_change_isr0                                                                   0x0018E     18
timer0_ovf_isr                                                                    0x001A0     80
timer1_ovf_isr                                                                    0x001F0     31
main                                                                              0x0020F    120
putchar                                                                           0x00287     10
put_usart_G100                                                                    0x00291     13
_print_G100                                                                       0x0029E    308
printf                                                                            0x003D2     37
strlen                                                                            0x003F7     12
strlenf                                                                           0x00403     13
