RAM Allocation [bytes]
Variable                                                                          Address   Size
------------------------------------------------------------------------------------------------
delay_pow1                                                                        0x0160       1
delay_pow2                                                                        0x0161       1
delay_pow3                                                                        0x0162       1
pow1                                                                              0x0163       1
pow2                                                                              0x0164       1
pow3                                                                              0x0165       1
temp1                                                                             0x0166       2
temp2                                                                             0x0168       2
res1                                                                              0x016A       1
res2                                                                              0x016B       1
error_cnt                                                                         0x016C       2
mode_temp                                                                         0x016E       2
mode_sem                                                                          0x0170       2
power_to_ten                                                                      0x0172       2

EEPROM Allocation [bytes]
Variable                                                                          Address   Size
------------------------------------------------------------------------------------------------

Register Allocation
Variable                                                                          Register  Size
------------------------------------------------------------------------------------------------
pid_frag                                                                          R2.0      1bit

FLASH Allocation [words]
Function                                                          Address   Size
--------------------------------------------------------------------------------
w1_send                                                           0x00087     35
ds1820_init                                                       0x000E1     10
read_temp                                                         0x000EB     35
check_mode                                                        0x0010E     19
timer0_ovf_isr                                                    0x00121     95
timer1_ovf_isr                                                    0x00180     42
set_power_ten1                                                    0x001AA     11
set_power_ten2                                                    0x001B5     11
set_power_ten3                                                    0x001C0     12
timer2_ovf_isr                                                    0x001CC      5
main                                                              0x001D1    218
putchar                                                           0x002AB      7
put_usart_G100                                                    0x002B2      8
_print_G100                                                       0x002BA    279
printf                                                            0x003D1     30
strlen                                                            0x003EF     11
strlenf                                                           0x003FA     12
